// Jest Snapshot v1, https://goo.gl/fbAQLP

exports[`webpack should return a single bundle which contains all sync modules 1`] = `
"
      
      /******/ ;(function (document, undefined) {
  /******/ return function (modules) {
    /******/ var installedModules = {}
    /******/ function require(moduleId) {
      /******/ if (installedModules[moduleId]) /******/ return installedModules[moduleId]
      /******/ var module = (installedModules[moduleId] = {
        /******/ exports: {}
        /******/
      })
      /******/ modules[moduleId](module, module.exports, require)
      /******/ return module.exports
      /******/
    }
    /******/ require.ensure = function (chunkId, callback) {
      /******/ callback(require)
      /******/
    }
    /******/ return require(0)
    /******/
  }
  /******/
})(document)

      /******/({
      
    /******/
    0: function(module, exports, require) {
    
    var a = require(1)
if (x) {
  for (var i = 0; i < 100; i++) {
    while (true) require(2)
    do {
      i++
    } while (require(3)())
  }
}

    /******/},
    
    /******/
    1: function(module, exports, require) {
    
    module.exports = function a() {
  return 'This is a'
}

    /******/},
    
    /******/
    2: function(module, exports, require) {
    
    module.exports = function b() {
  return 'This is b'
}

    /******/},
    
    /******/
    3: function(module, exports, require) {
    
    module.exports = function a() {
    return "This is a in m1";
};

    /******/},
    
      /******/})
      "
`;
